Mean OTUs Recovered: 23.25
Standard Deviation: 1.7716057565163135
